// Jest Snapshot v1, https://goo.gl/fbAQLP

exports[`snapshot 1`] = `
<div
  className="ui fluid container main-container"
>
  <h1>
    Buy Bananas
  </h1>
  <form
    className="ui form"
    onSubmit={[Function]}
  >
    <div
      className="eight wide field"
    >
      <label>
        Quantity:
      </label>
      <div
        className="ui input"
      >
        <input
          name="number"
          onBlur={[Function]}
          onChange={[Function]}
          placeholder="0"
          type="number"
          value=""
        />
      </div>
    </div>
    <div
      className="eight wide field"
    >
      <label>
        Purchase date:
      </label>
      <div
        className="ui input"
      >
        <input
          name="buyDate"
          onBlur={[Function]}
          onChange={[Function]}
          type="date"
          value=""
        />
      </div>
    </div>
    <div
      className="ui hidden positive message"
    >
      <div
        className="content"
      >
        <div
          className="header"
        >
          Success
        </div>
        <p>
          You bought bananas!
        </p>
      </div>
    </div>
    <div
      className="ui hidden negative message"
    >
      <div
        className="content"
      >
        <div
          className="header"
        >
          Error
        </div>
        <p>
          
        </p>
      </div>
    </div>
    <div
      className="fields"
    >
      <div
        className="field"
      >
        <button
          className="ui primary button"
          onClick={[Function]}
        >
          Submit
        </button>
      </div>
      <div
        className="field"
      >
        <button
          className="ui red button"
          onClick={[Function]}
        >
          Reset
        </button>
      </div>
    </div>
  </form>
</div>
`;
