// Jest Snapshot v1, https://goo.gl/fbAQLP

exports[`snapshot 1`] = `
<div
  className="ui fluid container main-container"
>
  <h1>
    <a
      href="/analytics"
      onClick={[Function]}
    >
      ‚Üê
    </a>
     Full List of Bananas
  </h1>
  <table
    className="ui green celled sortable unstackable table"
  >
    <thead
      className=""
    >
      <tr
        className=""
      >
        <th
          className=""
          onClick={[Function]}
        >
          ID (
          0
           total)
        </th>
        <th
          className=""
          onClick={[Function]}
        >
          buyDate
        </th>
        <th
          className=""
          onClick={[Function]}
        >
          sellDate
        </th>
      </tr>
    </thead>
    <tbody
      className=""
    />
  </table>
</div>
`;
