// Jest Snapshot v1, https://goo.gl/fbAQLP

exports[`snapshot 1`] = `
<div
  className="ui fluid container main-container"
>
  <h1>
    <a
      href="/analytics"
      onClick={[Function]}
    >
      ‚Üê
    </a>
     Banana Groups
  </h1>
  <table
    className="ui green unstackable table"
  >
    <thead
      className=""
    >
      <tr
        className=""
      >
        <th
          className=""
        >
          Amount
        </th>
        <th
          className=""
        >
          Buy Date
        </th>
        <th
          className=""
        >
          Sale Date
        </th>
      </tr>
    </thead>
    <tbody
      className=""
    />
  </table>
</div>
`;
