// Jest Snapshot v1, https://goo.gl/fbAQLP

exports[`snapshot 1`] = `
<div
  className="hero-container"
>
  <div
    className="app-name"
  >
    Banana Tracker
  </div>
  <img
    alt="Banana Tracker logo"
    src={Object {}}
  />
</div>
`;
