// Jest Snapshot v1, https://goo.gl/fbAQLP

exports[`snapshot 1`] = `
Array [
  <h3>
    Experiment with your margins!
  </h3>,
  <form
    className="ui form"
    onSubmit={[Function]}
  >
    <div
      className="fields"
    >
      <div
        className="four wide field"
      >
        <label>
          Buy Price:
        </label>
        <div
          className="ui input"
        >
          <input
            name="buyPrice"
            onChange={[Function]}
            type="number"
          />
        </div>
      </div>
      <div
        className="four wide field"
      >
        <label>
          Sell Price:
        </label>
        <div
          className="ui input"
        >
          <input
            name="sellPrice"
            onChange={[Function]}
            type="number"
          />
        </div>
      </div>
    </div>
  </form>,
]
`;
